
> aegis-caregiver@1.0.0 build
> next build

node.exe : ΓÜá Warning: 
Next.js inferred your 
workspace root, but it may 
not be correct.
At C:\Program 
Files\nodejs\npm.ps1:29 
char:3
+   & $NODE_EXE $NPM_CLI_JS 
$args
+   
~~~~~~~~~~~~~~~~~~~~~~~~~~~~~
    + CategoryInfo           
   : NotSpecified: (ΓÜá War  
  ning: Ne...not be correc   
 t.:String) [], RemoteExc    
eption
    + FullyQualifiedErrorId  
   : NativeCommandError
 
 We detected multiple 
lockfiles and selected the 
directory of C:\Users\mahaj\p
ackage-lock.json as the root 
directory.
 To silence this warning, 
set `turbopack.root` in your 
Next.js config, or consider 
removing one of the 
lockfiles if it's not needed.
   See https://nextjs.org/doc
s/app/api-reference/config/ne
xt-config-js/turbopack#root-d
irectory for more 
information.
 Detected additional 
lockfiles: 
   * C:\Users\mahaj\feature-l
lm-voice\package-lock.json

Γû▓ Next.js 16.1.6 (Turbopack)
- Environments: .env

  Creating an optimized production build ...
Γ£ô Compiled successfully in 11.4s
  Skipping validation of types
  Collecting page data using 7 workers ...
  Generating static pages using 7 workers (0/17) ...
  Generating static pages using 7 workers (4/17) 
  Generating static pages using 7 workers (8/17) 
  Generating static pages using 7 workers (12/17) 
Γ£ô Generating static pages using 7 workers (17/17) in 1009.8ms
  Finalizing page optimization ...

Route (app)
Γöî Γùï /
Γö£ Γùï /_not-found
Γö£ ╞Æ /api
Γö£ ╞Æ /api/alerts
Γö£ ╞Æ /api/analysis
Γö£ ╞Æ /api/asr
Γö£ ╞Æ /api/auth/login
Γö£ ╞Æ /api/auth/logout
Γö£ ╞Æ /api/cron/nightly
Γö£ ╞Æ /api/insights
Γö£ ╞Æ /api/interactions
Γö£ ╞Æ /api/patients
Γö£ ╞Æ /api/reports
Γö£ ╞Æ /api/tts
Γö£ ╞Æ /api/vision
Γöö Γùï /login


Γùï  (Static)   prerendered as static content
╞Æ  (Dynamic)  server-rendered on demand

